#-----------------------------------------------------------
# Vivado v2019.1 (64-bit)
# SW Build 2552052 on Fri May 24 14:47:09 MDT 2019
# IP Build 2548770 on Fri May 24 18:01:18 MDT 2019
# Start of session at: Wed Feb  2 11:48:43 2022
# Process ID: 1860303
# Current directory: /home/katio/script/github.com/onokatio/itf/COJT/cojt_allin
# Command line: vivado
# Log file: /home/katio/script/github.com/onokatio/itf/COJT/cojt_allin/vivado.log
# Journal file: /home/katio/script/github.com/onokatio/itf/COJT/cojt_allin/vivado.jou
#-----------------------------------------------------------
start_gui
open_project /home/katio/script/github.com/onokatio/itf/COJT/cojt_allin/SIM/tb_sha.xpr
update_compile_order -fileset sources_1
launch_simulation
open_wave_config /home/katio/script/github.com/onokatio/itf/COJT/cojt_allin/SIM/tb_sha256_regtest_behav.wcfg
source tb_sha256_regtest.tcl
run all
current_wave_config {tb_sha256_regtest_behav.wcfg}
add_wave {{/tb_sha256_regtest/draw/sha256_regctrl/NACLK}} 
restart
run all
save_wave_config {/home/katio/script/github.com/onokatio/itf/COJT/cojt_allin/SIM/tb_sha256_regtest_behav.wcfg}
relaunch_sim
relaunch_sim
run all
close_sim
