#-----------------------------------------------------------
# Webtalk v2020.2 (64-bit)
# SW Build 3064766 on Wed Nov 18 09:12:47 MST 2020
# IP Build 3064653 on Wed Nov 18 14:17:31 MST 2020
# Start of session at: Wed Oct 27 14:13:30 2021
# Process ID: 859745
# Current directory: /home/katio/script/github.com/onokatio/itf/COJT/display/SIM/disp_tb.sim/sim_1/behav/xsim
# Command line: wbtcv -mode batch -source /home/katio/script/github.com/onokatio/itf/COJT/display/SIM/disp_tb.sim/sim_1/behav/xsim/xsim.dir/tb_disp1_behav/webtalk/xsim_webtalk.tcl -notrace
# Log file: /home/katio/script/github.com/onokatio/itf/COJT/display/SIM/disp_tb.sim/sim_1/behav/xsim/webtalk.log
# Journal file: /home/katio/script/github.com/onokatio/itf/COJT/display/SIM/disp_tb.sim/sim_1/behav/xsim/webtalk.jou
#-----------------------------------------------------------
source /home/katio/script/github.com/onokatio/itf/COJT/display/SIM/disp_tb.sim/sim_1/behav/xsim/xsim.dir/tb_disp1_behav/webtalk/xsim_webtalk.tcl -notrace
