#-----------------------------------------------------------
# Vivado v2020.2 (64-bit)
# SW Build 3064766 on Wed Nov 18 09:12:47 MST 2020
# IP Build 3064653 on Wed Nov 18 14:17:31 MST 2020
# Start of session at: Wed Oct 27 14:01:11 2021
# Process ID: 854125
# Current directory: /home/katio/script/github.com/onokatio/itf/COJT/display/SIM
# Command line: vivado
# Log file: /home/katio/script/github.com/onokatio/itf/COJT/display/SIM/vivado.log
# Journal file: /home/katio/script/github.com/onokatio/itf/COJT/display/SIM/vivado.jou
#-----------------------------------------------------------
start_gui
create_project disp_tb . -part xc7z020clg484-1
set_property board_part xilinx.com:zc702:part0:1.4 [current_project]
add_files -scan_for_includes {/home/katio/script/github.com/onokatio/itf/COJT/display/disp_ip/hdl/syncgen.v /home/katio/script/github.com/onokatio/itf/COJT/display/disp_ip/hdl/syncgen_param.vh /home/katio/script/github.com/onokatio/itf/COJT/display/disp_ip/hdl/disp_vramctrl.v /home/katio/script/github.com/onokatio/itf/COJT/display/disp_ip/hdl/disp_regctrl.v /home/katio/script/github.com/onokatio/itf/COJT/display/disp_ip/hdl/disp_buffer.v /home/katio/script/github.com/onokatio/itf/COJT/display/disp_ip/hdl/display.v}
update_compile_order -fileset sources_1
update_compile_order -fileset sources_1
set_property SOURCE_SET sources_1 [get_filesets sim_1]
add_files -fileset sim_1 -scan_for_includes {/home/katio/script/github.com/onokatio/itf/COJT/display/SIM/tb/disp_axibfm.vh /home/katio/script/github.com/onokatio/itf/COJT/display/SIM/tb/tb_disp2_regtest.v /home/katio/script/github.com/onokatio/itf/COJT/display/SIM/tb/tb_disp1_dispon.v /home/katio/script/github.com/onokatio/itf/COJT/display/SIM/tb/tb_disp2_xga.v /home/katio/script/github.com/onokatio/itf/COJT/display/SIM/tb/tb_disp1.v}
update_compile_order -fileset sim_1
# Disabling source management mode.  This is to allow the top design properties to be set without GUI intervention.
set_property source_mgmt_mode None [current_project]
set_property top tb_disp1 [get_filesets sim_1]
# Re-enabling previously disabled source management mode.
set_property source_mgmt_mode All [current_project]
update_compile_order -fileset sim_1
set_property SOURCE_SET sources_1 [get_filesets sim_1]
add_files -fileset sim_1 -scan_for_includes {/home/katio/script/github.com/onokatio/itf/COJT/sim_model/axi_slave_BMF/sync_fifo.v /home/katio/script/github.com/onokatio/itf/COJT/sim_model/axi_slave_BMF/axi_slave_BFM.v}
update_compile_order -fileset sim_1
set_property SOURCE_SET sources_1 [get_filesets sim_1]
add_files -fileset sim_1 -norecurse -scan_for_includes {/home/katio/script/github.com/onokatio/itf/COJT/display/SIM/wcup2002_XGA.raw /home/katio/script/github.com/onokatio/itf/COJT/display/SIM/wcup2002_VGA.raw}
launch_simulation
add_files -norecurse -scan_for_includes /home/katio/script/github.com/onokatio/itf/COJT/display/disp_ip/src/fifo_48in24out_1024depth/fifo_48in24out_1024depth.xci
export_ip_user_files -of_objects  [get_files  /home/katio/script/github.com/onokatio/itf/COJT/display/disp_ip/src/fifo_48in24out_1024depth/fifo_48in24out_1024depth.xci] -lib_map_path [list {modelsim=/home/katio/script/github.com/onokatio/itf/COJT/display/SIM/disp_tb.cache/compile_simlib/modelsim} {questa=/home/katio/script/github.com/onokatio/itf/COJT/display/SIM/disp_tb.cache/compile_simlib/questa} {ies=/home/katio/script/github.com/onokatio/itf/COJT/display/SIM/disp_tb.cache/compile_simlib/ies} {xcelium=/home/katio/script/github.com/onokatio/itf/COJT/display/SIM/disp_tb.cache/compile_simlib/xcelium} {vcs=/home/katio/script/github.com/onokatio/itf/COJT/display/SIM/disp_tb.cache/compile_simlib/vcs} {riviera=/home/katio/script/github.com/onokatio/itf/COJT/display/SIM/disp_tb.cache/compile_simlib/riviera}] -force -quiet
update_compile_order -fileset sources_1
launch_simulation
source tb_disp1.tcl
save_wave_config {/home/katio/script/github.com/onokatio/itf/COJT/display/SIM/tb_disp1_behav.wcfg}
add_files -fileset sim_1 -norecurse /home/katio/script/github.com/onokatio/itf/COJT/display/SIM/tb_disp1_behav.wcfg
set_property xsim.view /home/katio/script/github.com/onokatio/itf/COJT/display/SIM/tb_disp1_behav.wcfg [get_filesets sim_1]
run all
current_wave_config {tb_disp1_behav.wcfg}
add_wave {{/tb_disp1/display/syncgen/HCNT}} {{/tb_disp1/display/syncgen/VCNT}} {{/tb_disp1/display/syncgen/VRSTART}} 
current_wave_config {tb_disp1_behav.wcfg}
add_wave {{/tb_disp1/display/syncgen/DSP_HSYNC_X}} {{/tb_disp1/display/syncgen/DSP_VSYNC_X}} {{/tb_disp1/display/syncgen/DSP_preDE}} 
current_wave_config {tb_disp1_behav.wcfg}
add_wave {{/tb_disp1/display/disp_vramctrl/STATE}} 
current_wave_config {tb_disp1_behav.wcfg}
add_wave {{/tb_disp1/display/disp_vramctrl/VRAM_ADDRESS}} 
current_wave_config {tb_disp1_behav.wcfg}
add_wave {{/tb_disp1/display/disp_buffer/fifo_48in24out_1024depth/dout}} 
current_wave_config {tb_disp1_behav.wcfg}
add_wave {{/tb_disp1/display/disp_buffer/fifo_48in24out_1024depth/dout}} 
current_wave_config {tb_disp1_behav.wcfg}
add_wave {{/tb_disp1/display/disp_buffer/fifo_48in24out_1024depth/din}} 
save_wave_config {/home/katio/script/github.com/onokatio/itf/COJT/display/SIM/tb_disp1_behav.wcfg}
relaunch_sim
update_compile_order -fileset sources_1
update_compile_order -fileset sources_1
relaunch_sim
run all
save_wave_config {/home/katio/script/github.com/onokatio/itf/COJT/display/SIM/tb_disp1_behav.wcfg}
current_wave_config {tb_disp1_behav.wcfg}
add_wave {{/tb_disp1/display/disp_buffer/COUNT}} 
current_wave_config {tb_disp1_behav.wcfg}
add_wave {{/tb_disp1/display/disp_buffer/fifo_48in24out_1024depth/wr_data_count}} 
current_wave_config {tb_disp1_behav.wcfg}
add_wave {{/tb_disp1/display/disp_buffer/fifo_48in24out_1024depth/wr_en}} {{/tb_disp1/display/disp_buffer/fifo_48in24out_1024depth/rd_en}} 
save_wave_config {/home/katio/script/github.com/onokatio/itf/COJT/display/SIM/tb_disp1_behav.wcfg}
relaunch_sim
run all
save_wave_config {/home/katio/script/github.com/onokatio/itf/COJT/display/SIM/tb_disp1_behav.wcfg}
save_wave_config {/home/katio/script/github.com/onokatio/itf/COJT/display/SIM/tb_disp1_behav.wcfg}
relaunch_sim
run all
relaunch_sim
run all
relaunch_sim
run all
run all
relaunch_sim
run all
relaunch_sim
run all
relaunch_sim
run all
current_wave_config {tb_disp1_behav.wcfg}
add_wave {{/tb_disp1/display/BUF_WREADY}} 
save_wave_config {/home/katio/script/github.com/onokatio/itf/COJT/display/SIM/tb_disp1_behav.wcfg}
relaunch_sim
save_wave_config {/home/katio/script/github.com/onokatio/itf/COJT/display/SIM/tb_disp1_behav.wcfg}
relaunch_sim
run all
relaunch_sim
